** Drc report for VNTR-65.kicad_pcb **
** Created on 2026-07-16T18:19:28 **
** Report includes: Errors **

** Found 3 DRC violations **
[zones_intersect]: Copper zones intersect (intersecting zones must have distinct priorities)
    Local override; error
    @(179.9654 mm, -0.0250 mm): Zone [+3V3] on In2.Cu, priority 0
    @(72.3000 mm, -0.0250 mm): Zone [+3V3] on In2.Cu, priority 0
[courtyards_overlap]: Courtyards overlap
    Rule: board setup constraints courtyard; error
    @(154.9900 mm, 18.5000 mm): Footprint Y1
    @(153.3025 mm, 21.0000 mm): Footprint C20
[pth_inside_courtyard]: PTH inside courtyard
    Local override; error
    @(244.1667 mm, 112.5000 mm): PTH pad 1 [<no net>] of REF**
    @(242.5125 mm, 108.1000 mm): Footprint U74

** Found 28 unconnected pads **
[unconnected_items]: Missing connection between items
    Local override; error
    @(16.2125 mm, 31.9000 mm): PTH pad 3 [GND] of U10
    @(35.3000 mm, 31.9000 mm): Track [GND] on F.Cu, length 1.4000 mm
[unconnected_items]: Missing connection between items
    Local override; error
    @(35.2630 mm, 31.9000 mm): Track [GND] on F.Cu, length 0.0370 mm
    @(52.9500 mm, 31.9000 mm): Pad 3 [GND] of U12 on F.Cu
[unconnected_items]: Missing connection between items
    Local override; error
    @(49.5500 mm, 70.0000 mm): Track [GND] on F.Cu, length 0.0500 mm
    @(68.6000 mm, 70.0000 mm): Track [GND] on F.Cu, length 1.4000 mm
[unconnected_items]: Missing connection between items
    Local override; error
    @(54.3125 mm, 31.9000 mm): PTH pad 3 [GND] of U12
    @(73.4000 mm, 31.9000 mm): Track [GND] on F.Cu, length 1.4000 mm
[unconnected_items]: Missing connection between items
    Local override; error
    @(59.1000 mm, 89.0000 mm): Track [GND] on F.Cu, length 1.4000 mm
    @(76.7625 mm, 89.0500 mm): Pad 3 [GND] of U56 on F.Cu
[unconnected_items]: Missing connection between items
    Local override; error
    @(62.4750 mm, 50.9500 mm): Pad 3 [GND] of U27 on F.Cu
    @(44.7880 mm, 50.9500 mm): Track [GND] on F.Cu, length 0.0514 mm
[unconnected_items]: Missing connection between items
    Local override; error
    @(82.9000 mm, 51.0000 mm): Track [GND] on F.Cu, length 1.4000 mm
    @(63.8375 mm, 50.9500 mm): PTH pad 3 [GND] of U27
[unconnected_items]: Missing connection between items
    Local override; error
    @(82.9000 mm, 51.0000 mm): Track [GND] on F.Cu, length 1.4000 mm
    @(100.5750 mm, 50.9500 mm): Pad 3 [GND] of U29 on F.Cu
[unconnected_items]: Missing connection between items
    Local override; error
    @(86.3000 mm, 70.0000 mm): Track [GND] on F.Cu, length 0.0130 mm
    @(68.6000 mm, 70.0000 mm): PTH pad 3 [GND] of U42
[unconnected_items]: Missing connection between items
    Local override; error
    @(87.6500 mm, 70.0000 mm): PTH pad 3 [GND] of U43
    @(106.7000 mm, 70.0000 mm): Track [GND] on F.Cu, length 1.4000 mm
[unconnected_items]: Missing connection between items
    Local override; error
    @(92.4000 mm, 31.9000 mm): Track [GND] on F.Cu, length 1.4000 mm
    @(73.4000 mm, 31.9000 mm): Track [GND] on F.Cu, length 1.4000 mm
[unconnected_items]: Missing connection between items
    Local override; error
    @(92.4125 mm, 31.9000 mm): PTH pad 3 [GND] of U14
    @(111.3000 mm, 31.9000 mm): Track [GND] on F.Cu, length 1.2000 mm
[unconnected_items]: Missing connection between items
    Local override; error
    @(97.2000 mm, 89.0000 mm): Track [GND] on F.Cu, length 1.4000 mm
    @(78.1250 mm, 89.0500 mm): PTH pad 3 [GND] of U56
[unconnected_items]: Missing connection between items
    Local override; error
    @(97.2000 mm, 89.0000 mm): Track [GND] on F.Cu, length 1.4000 mm
    @(114.9000 mm, 89.0000 mm): Track [GND] on F.Cu, length 0.0628 mm
[unconnected_items]: Missing connection between items
    Local override; error
    @(101.9380 mm, 50.9500 mm): Track [GND] on F.Cu, length 0.0628 mm
    @(121.0000 mm, 51.0000 mm): Track [GND] on F.Cu, length 1.4000 mm
[unconnected_items]: Missing connection between items
    Local override; error
    @(135.3000 mm, 89.0000 mm): Track [GND] on F.Cu, length 1.4000 mm
    @(116.2250 mm, 89.0500 mm): PTH pad 3 [GND] of U58
[unconnected_items]: Missing connection between items
    Local override; error
    @(144.1000 mm, 20.2000 mm): Track [GND] on F.Cu, length 7.4000 mm
    @(130.5125 mm, 31.9000 mm): PTH pad 3 [GND] of U16
[unconnected_items]: Missing connection between items
    Local override; error
    @(138.6750 mm, 50.9500 mm): Pad 3 [GND] of U31 on F.Cu
    @(120.9870 mm, 50.9500 mm): Track [GND] on F.Cu, length 0.0517 mm
[unconnected_items]: Missing connection between items
    Local override; error
    @(152.9625 mm, 89.0500 mm): Pad 3 [GND] of U60 on F.Cu
    @(135.3000 mm, 89.0000 mm): Track [GND] on F.Cu, length 1.4000 mm
[unconnected_items]: Missing connection between items
    Local override; error
    @(163.8500 mm, 70.0000 mm): PTH pad 3 [GND] of U47
    @(181.5000 mm, 70.0000 mm): Track [GND] on F.Cu, length 0.0370 mm
[unconnected_items]: Missing connection between items
    Local override; error
    @(178.1375 mm, 50.9500 mm): PTH pad 3 [GND] of U33
    @(197.2000 mm, 51.0000 mm): Track [GND] on F.Cu, length 1.4000 mm
[unconnected_items]: Missing connection between items
    Local override; error
    @(182.9000 mm, 70.0000 mm): Track [GND] on F.Cu, length 1.4000 mm
    @(200.5875 mm, 70.0000 mm): Pad 3 [GND] of U49 on F.Cu
[unconnected_items]: Missing connection between items
    Local override; error
    @(191.1000 mm, 89.0000 mm): Track [GND] on F.Cu, length 0.0628 mm
    @(173.4000 mm, 89.0000 mm): Track [GND] on F.Cu, length 1.4000 mm
[unconnected_items]: Missing connection between items
    Local override; error
    @(192.4250 mm, 89.0500 mm): PTH pad 3 [GND] of U62
    @(211.5000 mm, 89.0000 mm): Track [GND] on F.Cu, length 1.4000 mm
[unconnected_items]: Missing connection between items
    Local override; error
    @(216.2380 mm, 50.9500 mm): Track [GND] on F.Cu, length 0.0628 mm
    @(235.3000 mm, 51.0000 mm): Track [GND] on F.Cu, length 1.4000 mm
[unconnected_items]: Missing connection between items
    Local override; error
    @(224.4000 mm, 108.1000 mm): Pad 3 [GND] of U73 on F.Cu
    @(206.7130 mm, 108.1000 mm): Track [GND] on F.Cu, length 0.0130 mm
[unconnected_items]: Missing connection between items
    Local override; error
    @(244.8000 mm, 108.1000 mm): Track [GND] on F.Cu, length 1.4000 mm
    @(225.8000 mm, 108.1000 mm): Track [GND] on F.Cu, length 1.4000 mm
[unconnected_items]: Missing connection between items
    Local override; error
    @(-0.0250 mm, -0.0250 mm): Zone [GND] on In1.Cu, priority 0
    @(-0.0250 mm, -0.0250 mm): Zone [GND] on In1.Cu, priority 0

** Found 0 Footprint errors **

** Ignored checks **
    - Footprint has no courtyard defined
    - Track endpoint not centered on via
    - Tuning profile track geometries
    - Footprint doesn't match symbol's footprint filters
    - Footprint component type doesn't match footprint pads

** End of Report **
